#Concept names mapped to activity names

# Hardware Shipment Example
QuoteShippingPrice = Call Postage Webservice
HandleInsurance = Call Insurance Webservice
HandleCustomerData = Call CRM Update Service
HandlePackaging = Package Task :: Check and Update Shipment Request

# Travel Example
HandleClientRegistry = Input Client Details
HandleClientSetup = Client Setup
HandleFlightBooking = Book Flight :: Book Flight_Grenoble :: Book Flight_Chamonix
HandleHotelBooking =  Book Hotel :: Book Hotel_Zurich :: Book Hotel_Geneve :: Book Hotel_Lussane :: Book Hotel_Argentiere :: Book Hotel_Grenoble
GenerateTripSummary = Generate Travel Summary
CheckReports = Final Check

# Health Care Example
HandelPerformSurgery = Perform Surgery
HandelDecisionMaking = Make a decision 
HandlePatientTransfer = Send Patient to Surgical Suite :: Transport Patient to Ward

# Loan Approval Domain
ApplicationFormFilling = Fill Loan Application Form
OpenXerox = Call OpenXerox WS
ValidateForm = French Form Validation :: English Form Validation :: Form Validation_OtherLanguage
CreateLoanCase = Update Loan Case Data
CheckCreditRating = Credit Rating Check
EvaluateRisk = Risk Evaluation
ValidateAmount = Amount Validation
ApprovalBySeniorManager = Senior Manager Final Approval
